01/08/2026 11:09 [INFO] 用户访问歌单
01/08/2026 11:09 [INFO] 用户访问 图片id:0  路径:/home/eternity/Music/专辑图片/周杰伦-跨时代.jpg
01/08/2026 11:09 [INFO] 用户访问 图片id:17  路径:/home/eternity/Music/专辑图片/周杰伦-十二新作.jpeg
01/08/2026 11:09 [INFO] 用户访问 图片id:7  路径:/home/eternity/Music/专辑图片/周柏豪-Continue.webp
01/08/2026 11:09 [INFO] 用户访问 图片id:2  路径:/home/eternity/Music/专辑图片/陈奕迅-打得火热.jpeg
01/08/2026 11:09 [INFO] 用户访问 图片id:3  路径:/home/eternity/Music/专辑图片/周杰伦-J III MP3 Live EP.png
01/08/2026 11:09 [INFO] 用户访问 图片id:9  路径:/home/eternity/Music/专辑图片/陈奕迅-What's Going On...?.jpeg
01/08/2026 11:09 [INFO] 用户访问 图片id:5  路径:/home/eternity/Music/专辑图片/陈奕迅-Shall We Dance? Shall We Talk!.jpg
01/08/2026 11:09 [INFO] 用户访问 图片id:12  路径:/home/eternity/Music/专辑图片/陈奕迅-Life Thru Interview.webp
01/08/2026 11:09 [INFO] 用户访问 图片id:8  路径:/home/eternity/Music/专辑图片/陈奕迅-Question Mark.webp
01/08/2026 11:09 [INFO] 用户访问 图片id:10  路径:/home/eternity/Music/专辑图片/周杰伦-七里香.webp
01/08/2026 11:09 [INFO] 用户访问 图片id:18  路径:/home/eternity/Music/专辑图片/陈奕迅-U87.jpeg
01/08/2026 11:09 [INFO] 用户访问 图片id:1  路径:/home/eternity/Music/专辑图片/周柏豪-Beginning.webp
01/08/2026 11:09 [INFO] 用户访问 图片id:15  路径:/home/eternity/Music/专辑图片/陈奕迅-认了吧.jpeg
01/08/2026 11:09 [INFO] 用户访问 图片id:6  路径:/home/eternity/Music/专辑图片/周杰伦-Jay.webp
01/08/2026 11:09 [INFO] 用户访问 图片id:11  路径:/home/eternity/Music/专辑图片/周杰伦-叶惠美.jpg
01/08/2026 11:09 [INFO] 用户访问 图片id:4  路径:/home/eternity/Music/专辑图片/陈奕迅-Love For Today.webp
01/08/2026 11:09 [INFO] 用户访问 图片id:13  路径:/home/eternity/Music/专辑图片/周杰伦-十一月的萧邦.webp
01/08/2026 11:09 [INFO] 用户访问 图片id:16  路径:/home/eternity/Music/专辑图片/王力宏-心中日月.jpg
01/08/2026 11:09 [INFO] 用户访问 图片id:14  路径:/home/eternity/Music/专辑图片/陈奕迅-U87.jpeg
01/08/2026 11:09 [INFO] 用户访问 图片id:19  路径:/home/eternity/Music/专辑图片/周杰伦-我很忙.png
01/08/2026 11:09 [INFO] 用户访问 歌曲id:13  路径:/home/eternity/Music/音频文件/枫.mp3
01/08/2026 11:09 [INFO] 用户访问 图片id:13  路径:/home/eternity/Music/专辑图片/周杰伦-十一月的萧邦.webp
